// Jest Snapshot v1, https://goo.gl/fbAQLP

exports[`matches snapshot 1`] = `
<div
  className="b-chatbox"
>
  <div
    className="row"
  >
    <div
      className="text-chatboxheader col-md-8"
    >
      <p>
        Anonymous Chat #
        0
        :
      </p>
    </div>
    <div
      className="text-chatbox col-md-4"
    >
      <p
        className="ongoing"
      >
        MATCHED!
      </p>
    </div>
  </div>
</div>
`;
