// Jest Snapshot v1, https://goo.gl/fbAQLP

exports[`matches snapshot 1`] = `
<span
  bg="primary"
  className="tag mb-1 badge badge-pill"
>
  
  <button
    className="btn-tag btn btn-primary"
    disabled={false}
    onClick={[Function]}
    type="button"
  >
    -
  </button>
</span>
`;

exports[`matches snapshot 2`] = `
<span
  bg="primary"
  className="tag mb-1 badge badge-pill"
>
  
  <button
    className="btn-tag btn btn-primary"
    disabled={false}
    onClick={[Function]}
    type="button"
  >
    +
  </button>
</span>
`;

exports[`matches snapshot 3`] = `
<span
  bg="primary"
  className="tag mb-1 badge badge-pill"
>
  
  <button
    className="btn-tag btn btn-primary"
    disabled={false}
    onClick={[Function]}
    type="button"
  >
    -
  </button>
</span>
`;

exports[`matches snapshot 4`] = `
<span
  bg="primary"
  className="tag mb-1 badge badge-pill"
>
  
  <button
    className="btn-tag btn btn-primary"
    disabled={false}
    onClick={[Function]}
    type="button"
  >
    +
  </button>
</span>
`;
